------------------------------------------------------------
TimeQuest Timing Analyzer Summary
------------------------------------------------------------

Type  : Slow 1200mV 85C Model Setup 'u0|pcie_ip|pcie_internal_hip|cyclone_iii.cycloneiv_hssi_pcie_hip|coreclkout'
Slack : -4.844
TNS   : -3301.268

Type  : Slow 1200mV 85C Model Setup 'u0|altpll_qsys|sd1|pll7|clk[0]'
Slack : -0.937
TNS   : -52.964

Type  : Slow 1200mV 85C Model Setup 'n/a'
Slack : 14.376
TNS   : 0.000

Type  : Slow 1200mV 85C Model Setup 'clock_50_1'
Slack : 16.681
TNS   : 0.000

Type  : Slow 1200mV 85C Model Setup 'u0|altpll_qsys|sd1|pll7|clk[2]'
Slack : 29.656
TNS   : 0.000

Type  : Slow 1200mV 85C Model Setup 'vga_clk'
Slack : 34.802
TNS   : 0.000

Type  : Slow 1200mV 85C Model Hold 'u0|pcie_ip|pcie_internal_hip|cyclone_iii.cycloneiv_hssi_pcie_hip|coreclkout'
Slack : 0.216
TNS   : 0.000

Type  : Slow 1200mV 85C Model Hold 'u0|altpll_qsys|sd1|pll7|clk[0]'
Slack : 0.296
TNS   : 0.000

Type  : Slow 1200mV 85C Model Hold 'u0|altpll_qsys|sd1|pll7|clk[2]'
Slack : 0.376
TNS   : 0.000

Type  : Slow 1200mV 85C Model Hold 'clock_50_1'
Slack : 0.398
TNS   : 0.000

Type  : Slow 1200mV 85C Model Hold 'vga_clk'
Slack : 3.757
TNS   : 0.000

Type  : Slow 1200mV 85C Model Hold 'n/a'
Slack : 5.307
TNS   : 0.000

Type  : Slow 1200mV 85C Model Recovery 'u0|altpll_qsys|sd1|pll7|clk[0]'
Slack : 0.920
TNS   : 0.000

Type  : Slow 1200mV 85C Model Recovery 'u0|altpll_qsys|sd1|pll7|clk[2]'
Slack : 1.303
TNS   : 0.000

Type  : Slow 1200mV 85C Model Recovery 'u0|pcie_ip|pcie_internal_hip|cyclone_iii.cycloneiv_hssi_pcie_hip|coreclkout'
Slack : 3.670
TNS   : 0.000

Type  : Slow 1200mV 85C Model Removal 'u0|altpll_qsys|sd1|pll7|clk[2]'
Slack : 1.029
TNS   : 0.000

Type  : Slow 1200mV 85C Model Removal 'u0|pcie_ip|pcie_internal_hip|cyclone_iii.cycloneiv_hssi_pcie_hip|coreclkout'
Slack : 1.212
TNS   : 0.000

Type  : Slow 1200mV 85C Model Removal 'u0|altpll_qsys|sd1|pll7|clk[0]'
Slack : 3.991
TNS   : 0.000

Type  : Slow 1200mV 85C Model Minimum Pulse Width 'u0|pcie_ip|altgx_internal|de2i_150_qsys_pcie_ip_altgx_internal_alt_c3gxb_u7h8_component|transmit_pcs0|hiptxclkout'
Slack : 2.000
TNS   : 0.000

Type  : Slow 1200mV 85C Model Minimum Pulse Width 'u0|pcie_ip|altgx_internal|de2i_150_qsys_pcie_ip_altgx_internal_alt_c3gxb_u7h8_component|transmit_pma0|clockout'
Slack : 2.000
TNS   : 0.000

Type  : Slow 1200mV 85C Model Minimum Pulse Width 'u0|altpll_qsys|sd1|pll7|clk[0]'
Slack : 2.938
TNS   : 0.000

Type  : Slow 1200mV 85C Model Minimum Pulse Width 'u0|pcie_ip|pcie_internal_hip|cyclone_iii.cycloneiv_hssi_pcie_hip|coreclkout'
Slack : 3.561
TNS   : 0.000

Type  : Slow 1200mV 85C Model Minimum Pulse Width 'u0|pcie_ip|pcie_internal_hip|cyclone_iii.cycloneiv_hssi_pcie_hip|pclkch0'
Slack : 3.977
TNS   : 0.000

Type  : Slow 1200mV 85C Model Minimum Pulse Width 'pcie_ref_clk'
Slack : 4.813
TNS   : 0.000

Type  : Slow 1200mV 85C Model Minimum Pulse Width 'clock_50_1'
Slack : 9.772
TNS   : 0.000

Type  : Slow 1200mV 85C Model Minimum Pulse Width 'clock_50_2'
Slack : 16.000
TNS   : 0.000

Type  : Slow 1200mV 85C Model Minimum Pulse Width 'clock_50_3'
Slack : 16.000
TNS   : 0.000

Type  : Slow 1200mV 85C Model Minimum Pulse Width 'u0|altpll_qsys|sd1|pll7|clk[2]'
Slack : 19.620
TNS   : 0.000

Type  : Slow 1200mV 85C Model Minimum Pulse Width 'vga_clk'
Slack : 35.790
TNS   : 0.000

Type  : Slow 1200mV 0C Model Setup 'u0|pcie_ip|pcie_internal_hip|cyclone_iii.cycloneiv_hssi_pcie_hip|coreclkout'
Slack : -3.760
TNS   : -2138.165

Type  : Slow 1200mV 0C Model Setup 'u0|altpll_qsys|sd1|pll7|clk[0]'
Slack : -0.433
TNS   : -6.570

Type  : Slow 1200mV 0C Model Setup 'n/a'
Slack : 14.850
TNS   : 0.000

Type  : Slow 1200mV 0C Model Setup 'clock_50_1'
Slack : 17.026
TNS   : 0.000

Type  : Slow 1200mV 0C Model Setup 'u0|altpll_qsys|sd1|pll7|clk[2]'
Slack : 30.519
TNS   : 0.000

Type  : Slow 1200mV 0C Model Setup 'vga_clk'
Slack : 35.365
TNS   : 0.000

Type  : Slow 1200mV 0C Model Hold 'u0|pcie_ip|pcie_internal_hip|cyclone_iii.cycloneiv_hssi_pcie_hip|coreclkout'
Slack : 0.216
TNS   : 0.000

Type  : Slow 1200mV 0C Model Hold 'u0|altpll_qsys|sd1|pll7|clk[0]'
Slack : 0.303
TNS   : 0.000

Type  : Slow 1200mV 0C Model Hold 'u0|altpll_qsys|sd1|pll7|clk[2]'
Slack : 0.329
TNS   : 0.000

Type  : Slow 1200mV 0C Model Hold 'clock_50_1'
Slack : 0.356
TNS   : 0.000

Type  : Slow 1200mV 0C Model Hold 'vga_clk'
Slack : 3.259
TNS   : 0.000

Type  : Slow 1200mV 0C Model Hold 'n/a'
Slack : 4.873
TNS   : 0.000

Type  : Slow 1200mV 0C Model Recovery 'u0|altpll_qsys|sd1|pll7|clk[0]'
Slack : 1.413
TNS   : 0.000

Type  : Slow 1200mV 0C Model Recovery 'u0|altpll_qsys|sd1|pll7|clk[2]'
Slack : 1.787
TNS   : 0.000

Type  : Slow 1200mV 0C Model Recovery 'u0|pcie_ip|pcie_internal_hip|cyclone_iii.cycloneiv_hssi_pcie_hip|coreclkout'
Slack : 4.081
TNS   : 0.000

Type  : Slow 1200mV 0C Model Removal 'u0|altpll_qsys|sd1|pll7|clk[2]'
Slack : 0.936
TNS   : 0.000

Type  : Slow 1200mV 0C Model Removal 'u0|pcie_ip|pcie_internal_hip|cyclone_iii.cycloneiv_hssi_pcie_hip|coreclkout'
Slack : 1.114
TNS   : 0.000

Type  : Slow 1200mV 0C Model Removal 'u0|altpll_qsys|sd1|pll7|clk[0]'
Slack : 3.543
TNS   : 0.000

Type  : Slow 1200mV 0C Model Minimum Pulse Width 'u0|pcie_ip|altgx_internal|de2i_150_qsys_pcie_ip_altgx_internal_alt_c3gxb_u7h8_component|transmit_pcs0|hiptxclkout'
Slack : 2.000
TNS   : 0.000

Type  : Slow 1200mV 0C Model Minimum Pulse Width 'u0|pcie_ip|altgx_internal|de2i_150_qsys_pcie_ip_altgx_internal_alt_c3gxb_u7h8_component|transmit_pma0|clockout'
Slack : 2.000
TNS   : 0.000

Type  : Slow 1200mV 0C Model Minimum Pulse Width 'u0|altpll_qsys|sd1|pll7|clk[0]'
Slack : 2.933
TNS   : 0.000

Type  : Slow 1200mV 0C Model Minimum Pulse Width 'u0|pcie_ip|pcie_internal_hip|cyclone_iii.cycloneiv_hssi_pcie_hip|coreclkout'
Slack : 3.491
TNS   : 0.000

Type  : Slow 1200mV 0C Model Minimum Pulse Width 'u0|pcie_ip|pcie_internal_hip|cyclone_iii.cycloneiv_hssi_pcie_hip|pclkch0'
Slack : 3.971
TNS   : 0.000

Type  : Slow 1200mV 0C Model Minimum Pulse Width 'pcie_ref_clk'
Slack : 4.811
TNS   : 0.000

Type  : Slow 1200mV 0C Model Minimum Pulse Width 'clock_50_1'
Slack : 9.769
TNS   : 0.000

Type  : Slow 1200mV 0C Model Minimum Pulse Width 'clock_50_2'
Slack : 16.000
TNS   : 0.000

Type  : Slow 1200mV 0C Model Minimum Pulse Width 'clock_50_3'
Slack : 16.000
TNS   : 0.000

Type  : Slow 1200mV 0C Model Minimum Pulse Width 'u0|altpll_qsys|sd1|pll7|clk[2]'
Slack : 19.609
TNS   : 0.000

Type  : Slow 1200mV 0C Model Minimum Pulse Width 'vga_clk'
Slack : 35.790
TNS   : 0.000

Type  : Fast 1200mV 0C Model Setup 'u0|pcie_ip|pcie_internal_hip|cyclone_iii.cycloneiv_hssi_pcie_hip|coreclkout'
Slack : 1.680
TNS   : 0.000

Type  : Fast 1200mV 0C Model Setup 'u0|altpll_qsys|sd1|pll7|clk[0]'
Slack : 2.616
TNS   : 0.000

Type  : Fast 1200mV 0C Model Setup 'n/a'
Slack : 17.146
TNS   : 0.000

Type  : Fast 1200mV 0C Model Setup 'clock_50_1'
Slack : 18.346
TNS   : 0.000

Type  : Fast 1200mV 0C Model Setup 'u0|altpll_qsys|sd1|pll7|clk[2]'
Slack : 34.790
TNS   : 0.000

Type  : Fast 1200mV 0C Model Setup 'vga_clk'
Slack : 38.069
TNS   : 0.000

Type  : Fast 1200mV 0C Model Hold 'u0|pcie_ip|pcie_internal_hip|cyclone_iii.cycloneiv_hssi_pcie_hip|coreclkout'
Slack : 0.060
TNS   : 0.000

Type  : Fast 1200mV 0C Model Hold 'u0|altpll_qsys|sd1|pll7|clk[0]'
Slack : 0.112
TNS   : 0.000

Type  : Fast 1200mV 0C Model Hold 'u0|altpll_qsys|sd1|pll7|clk[2]'
Slack : 0.167
TNS   : 0.000

Type  : Fast 1200mV 0C Model Hold 'clock_50_1'
Slack : 0.182
TNS   : 0.000

Type  : Fast 1200mV 0C Model Hold 'vga_clk'
Slack : 0.955
TNS   : 0.000

Type  : Fast 1200mV 0C Model Hold 'n/a'
Slack : 2.671
TNS   : 0.000

Type  : Fast 1200mV 0C Model Recovery 'u0|altpll_qsys|sd1|pll7|clk[0]'
Slack : 3.653
TNS   : 0.000

Type  : Fast 1200mV 0C Model Recovery 'u0|altpll_qsys|sd1|pll7|clk[2]'
Slack : 3.840
TNS   : 0.000

Type  : Fast 1200mV 0C Model Recovery 'u0|pcie_ip|pcie_internal_hip|cyclone_iii.cycloneiv_hssi_pcie_hip|coreclkout'
Slack : 5.705
TNS   : 0.000

Type  : Fast 1200mV 0C Model Removal 'u0|altpll_qsys|sd1|pll7|clk[2]'
Slack : 0.488
TNS   : 0.000

Type  : Fast 1200mV 0C Model Removal 'u0|pcie_ip|pcie_internal_hip|cyclone_iii.cycloneiv_hssi_pcie_hip|coreclkout'
Slack : 0.567
TNS   : 0.000

Type  : Fast 1200mV 0C Model Removal 'u0|altpll_qsys|sd1|pll7|clk[0]'
Slack : 2.108
TNS   : 0.000

Type  : Fast 1200mV 0C Model Minimum Pulse Width 'u0|pcie_ip|altgx_internal|de2i_150_qsys_pcie_ip_altgx_internal_alt_c3gxb_u7h8_component|transmit_pcs0|hiptxclkout'
Slack : 2.000
TNS   : 0.000

Type  : Fast 1200mV 0C Model Minimum Pulse Width 'u0|pcie_ip|altgx_internal|de2i_150_qsys_pcie_ip_altgx_internal_alt_c3gxb_u7h8_component|transmit_pma0|clockout'
Slack : 2.000
TNS   : 0.000

Type  : Fast 1200mV 0C Model Minimum Pulse Width 'u0|altpll_qsys|sd1|pll7|clk[0]'
Slack : 3.061
TNS   : 0.000

Type  : Fast 1200mV 0C Model Minimum Pulse Width 'u0|pcie_ip|pcie_internal_hip|cyclone_iii.cycloneiv_hssi_pcie_hip|coreclkout'
Slack : 3.673
TNS   : 0.000

Type  : Fast 1200mV 0C Model Minimum Pulse Width 'u0|pcie_ip|pcie_internal_hip|cyclone_iii.cycloneiv_hssi_pcie_hip|pclkch0'
Slack : 3.994
TNS   : 0.000

Type  : Fast 1200mV 0C Model Minimum Pulse Width 'pcie_ref_clk'
Slack : 4.570
TNS   : 0.000

Type  : Fast 1200mV 0C Model Minimum Pulse Width 'clock_50_1'
Slack : 9.312
TNS   : 0.000

Type  : Fast 1200mV 0C Model Minimum Pulse Width 'clock_50_2'
Slack : 16.000
TNS   : 0.000

Type  : Fast 1200mV 0C Model Minimum Pulse Width 'clock_50_3'
Slack : 16.000
TNS   : 0.000

Type  : Fast 1200mV 0C Model Minimum Pulse Width 'u0|altpll_qsys|sd1|pll7|clk[2]'
Slack : 19.730
TNS   : 0.000

Type  : Fast 1200mV 0C Model Minimum Pulse Width 'vga_clk'
Slack : 36.000
TNS   : 0.000

------------------------------------------------------------
